Component: ARM Compiler 5.06 update 6 (build 750) Tool: armlink [4d35ed]

==============================================================================

Section Cross References

    project.o(RESET) refers to project.o(MYCODE) for Reset_Handler


==============================================================================

Image Symbol Table

    Local Symbols

    Symbol Name                              Value     Ov Type        Size  Object(Section)

    Project.s                                0x00000000   Number         0  project.o ABSOLUTE
    RESET                                    0x08000000   Section        8  project.o(RESET)
    MYCODE                                   0x08000008   Section     1152  project.o(MYCODE)
    delay3                                   0x08000051   Thumb Code    22  project.o(MYCODE)
    delay2                                   0x08000069   Thumb Code    18  project.o(MYCODE)
    delay                                    0x0800007d   Thumb Code    24  project.o(MYCODE)
    GPIO_ClockInit                           0x08000095   Thumb Code    12  project.o(MYCODE)
    GPIO_init                                0x080000a1   Thumb Code    20  project.o(MYCODE)
    mainGame                                 0x080000b5   Thumb Code   406  project.o(MYCODE)
    losingLeds                               0x0800024d   Thumb Code    74  project.o(MYCODE)
    winningLeds                              0x08000299   Thumb Code   260  project.o(MYCODE)
    waitingLeds                              0x0800039d   Thumb Code   132  project.o(MYCODE)
    waitingButtons                           0x08000421   Thumb Code    88  project.o(MYCODE)

    Global Symbols

    Symbol Name                              Value     Ov Type        Size  Object(Section)

    BuildAttributes$$THM_ISAv4$P$D$K$B$S$PE$A:L22UL41UL21$X:L11$S22US41US21$IEEE1$IW$USESV6$~STKCKD$USESV7$~SHL$OSPACE$EBA8$STANDARDLIB$PRES8$EABIv2 0x00000000   Number         0  anon$$obj.o ABSOLUTE
    __Vectors                                0x08000000   Data           4  project.o(RESET)
    Reset_Handler                            0x08000009   Thumb Code    72  project.o(MYCODE)



==============================================================================

Memory Map of the image

  Image Entry point : 0x08000009

  Load Region LR_1 (Base: 0x08000000, Size: 0x00000488, Max: 0xffffffff, ABSOLUTE)

    Execution Region ER_RO (Exec base: 0x08000000, Load base: 0x08000000, Size: 0x00000488, Max: 0xffffffff, ABSOLUTE)

    Exec Addr    Load Addr    Size         Type   Attr      Idx    E Section Name        Object

    0x08000000   0x08000000   0x00000008   Data   RO            1    RESET               project.o
    0x08000008   0x08000008   0x00000480   Code   RO            2  * MYCODE              project.o


    Execution Region ER_RW (Exec base: 0x20000000, Load base: 0x08000488, Size: 0x00000000, Max: 0xffffffff, ABSOLUTE)

    **** No section assigned to this execution region ****


    Execution Region ER_ZI (Exec base: 0x20000000, Load base: 0x08000488, Size: 0x00000000, Max: 0xffffffff, ABSOLUTE)

    **** No section assigned to this execution region ****


==============================================================================

Image component sizes


      Code (inc. data)   RO Data    RW Data    ZI Data      Debug   Object Name

      1152         78          8          0          0       1124   project.o

    ----------------------------------------------------------------------
      1152         78          8          0          0       1124   Object Totals
         0          0          0          0          0          0   (incl. Generated)
         0          0          0          0          0          0   (incl. Padding)

    ----------------------------------------------------------------------
         0          0          0          0          0          0   Library Totals
         0          0          0          0          0          0   (incl. Padding)

    ----------------------------------------------------------------------

==============================================================================


      Code (inc. data)   RO Data    RW Data    ZI Data      Debug   

      1152         78          8          0          0       1124   Grand Totals
      1152         78          8          0          0       1124   ELF Image Totals
      1152         78          8          0          0          0   ROM Totals

==============================================================================

    Total RO  Size (Code + RO Data)                 1160 (   1.13kB)
    Total RW  Size (RW Data + ZI Data)                 0 (   0.00kB)
    Total ROM Size (Code + RO Data + RW Data)       1160 (   1.13kB)

==============================================================================

