<!doctype html public "-//w3c//dtd html 4.0 transitional//en">
<html><head>
<title>Static Call Graph - [.\Objects\Project.axf]</title></head>
<body><HR>
<H1>Static Call Graph for image .\Objects\Project.axf</H1><HR>
<BR><P>#&#060CALLGRAPH&#062# ARM Linker, 5060750: Last Updated: Thu Dec 06 15:15:54 2018
<BR><P>
<H3>Maximum Stack Usage =          0 bytes + Unknown(Untraceable Function Pointers)</H3><H3>
Call chain for Maximum Stack Depth:</H3>

<P>
<H3>
Function Pointers
</H3><UL>
 <LI><a href="#[1]">Reset_Handler</a> from project.o(MYCODE) referenced from project.o(RESET)
</UL>
<P>
<H3>
Global Symbols
</H3>
<P><STRONG><a name="[1]"></a>Reset_Handler</STRONG> (Thumb, 72 bytes, Stack size 0 bytes, project.o(MYCODE))
<BR><BR>[Calls]<UL><LI><a href="#[b]">&gt;&gt;</a>&nbsp;&nbsp;&nbsp;waitingButtons
<LI><a href="#[a]">&gt;&gt;</a>&nbsp;&nbsp;&nbsp;waitingLeds
<LI><a href="#[9]">&gt;&gt;</a>&nbsp;&nbsp;&nbsp;winningLeds
<LI><a href="#[7]">&gt;&gt;</a>&nbsp;&nbsp;&nbsp;mainGame
<LI><a href="#[6]">&gt;&gt;</a>&nbsp;&nbsp;&nbsp;GPIO_init
<LI><a href="#[5]">&gt;&gt;</a>&nbsp;&nbsp;&nbsp;GPIO_ClockInit
</UL>
<P>
<H3>
Local Symbols
</H3>
<P><STRONG><a name="[2]"></a>delay3</STRONG> (Thumb, 22 bytes, Stack size 0 bytes, project.o(MYCODE))
<BR><BR>[Called By]<UL><LI><a href="#[9]">&gt;&gt;</a>&nbsp;&nbsp;&nbsp;winningLeds
</UL>

<P><STRONG><a name="[3]"></a>delay2</STRONG> (Thumb, 18 bytes, Stack size 0 bytes, project.o(MYCODE))
<BR><BR>[Called By]<UL><LI><a href="#[9]">&gt;&gt;</a>&nbsp;&nbsp;&nbsp;winningLeds
<LI><a href="#[8]">&gt;&gt;</a>&nbsp;&nbsp;&nbsp;losingLeds
<LI><a href="#[7]">&gt;&gt;</a>&nbsp;&nbsp;&nbsp;mainGame
</UL>

<P><STRONG><a name="[4]"></a>delay</STRONG> (Thumb, 24 bytes, Stack size 0 bytes, project.o(MYCODE))
<BR><BR>[Called By]<UL><LI><a href="#[7]">&gt;&gt;</a>&nbsp;&nbsp;&nbsp;mainGame
</UL>

<P><STRONG><a name="[5]"></a>GPIO_ClockInit</STRONG> (Thumb, 12 bytes, Stack size 0 bytes, project.o(MYCODE))
<BR><BR>[Called By]<UL><LI><a href="#[1]">&gt;&gt;</a>&nbsp;&nbsp;&nbsp;Reset_Handler
</UL>

<P><STRONG><a name="[6]"></a>GPIO_init</STRONG> (Thumb, 20 bytes, Stack size 0 bytes, project.o(MYCODE))
<BR><BR>[Called By]<UL><LI><a href="#[1]">&gt;&gt;</a>&nbsp;&nbsp;&nbsp;Reset_Handler
</UL>

<P><STRONG><a name="[7]"></a>mainGame</STRONG> (Thumb, 406 bytes, Stack size 0 bytes, project.o(MYCODE))
<BR><BR>[Calls]<UL><LI><a href="#[8]">&gt;&gt;</a>&nbsp;&nbsp;&nbsp;losingLeds
<LI><a href="#[4]">&gt;&gt;</a>&nbsp;&nbsp;&nbsp;delay
<LI><a href="#[3]">&gt;&gt;</a>&nbsp;&nbsp;&nbsp;delay2
</UL>
<BR>[Called By]<UL><LI><a href="#[1]">&gt;&gt;</a>&nbsp;&nbsp;&nbsp;Reset_Handler
</UL>

<P><STRONG><a name="[8]"></a>losingLeds</STRONG> (Thumb, 74 bytes, Stack size 0 bytes, project.o(MYCODE))
<BR><BR>[Calls]<UL><LI><a href="#[3]">&gt;&gt;</a>&nbsp;&nbsp;&nbsp;delay2
</UL>
<BR>[Called By]<UL><LI><a href="#[7]">&gt;&gt;</a>&nbsp;&nbsp;&nbsp;mainGame
</UL>

<P><STRONG><a name="[9]"></a>winningLeds</STRONG> (Thumb, 260 bytes, Stack size 0 bytes, project.o(MYCODE))
<BR><BR>[Calls]<UL><LI><a href="#[3]">&gt;&gt;</a>&nbsp;&nbsp;&nbsp;delay2
<LI><a href="#[2]">&gt;&gt;</a>&nbsp;&nbsp;&nbsp;delay3
</UL>
<BR>[Called By]<UL><LI><a href="#[1]">&gt;&gt;</a>&nbsp;&nbsp;&nbsp;Reset_Handler
</UL>

<P><STRONG><a name="[a]"></a>waitingLeds</STRONG> (Thumb, 132 bytes, Stack size 0 bytes, project.o(MYCODE))
<BR><BR>[Called By]<UL><LI><a href="#[1]">&gt;&gt;</a>&nbsp;&nbsp;&nbsp;Reset_Handler
</UL>

<P><STRONG><a name="[b]"></a>waitingButtons</STRONG> (Thumb, 88 bytes, Stack size 0 bytes, project.o(MYCODE))
<BR><BR>[Called By]<UL><LI><a href="#[1]">&gt;&gt;</a>&nbsp;&nbsp;&nbsp;Reset_Handler
</UL>
<P>
<H3>
Undefined Global Symbols
</H3><HR></body></html>
